// Jest Snapshot v1, https://goo.gl/fbAQLP

exports[`App component renders without crashing 1`] = `
<div>
  <nav
    className="navbar navbar-light"
  >
    <div
      className="container"
    >
      <a
        className="navbar-brand"
        href="/#/"
      >
        conduit
      </a>
      <ul
        className="nav navbar-nav pull-xs-right"
      >
        <li
          className="nav-item"
        >
          <a
            className="nav-link active"
            href="/#/"
          >
            Home
          </a>
        </li>
      </ul>
    </div>
  </nav>
  <div
    className="home-page"
  >
    <div
      className="banner"
    >
      <div
        className="container"
      >
        <h1
          className="logo-font"
        >
          conduit
        </h1>
        <p>
          A place to share your knowledge.
        </p>
      </div>
    </div>
    <div
      className="container page"
    >
      <div
        className="row"
      >
        <div
          className="col-md-9"
        >
          <div
            className="feed-toggle"
          >
            <ul
              className="nav nav-pills outline-active"
            >
              <li
                className="nav-item"
              >
                <a
                  className="nav-link active"
                  href="#"
                  onClick={[Function]}
                >
                  Global Feed
                </a>
              </li>
            </ul>
          </div>
          <div
            className="article-preview"
          >
            Initializing...
          </div>
        </div>
        <div
          className="col-md-3"
        >
          <div
            className="sidebar"
          >
            <p>
              Popular Tags
            </p>
            <div
              className="tag-list"
            >
              Initializing...
            </div>
          </div>
        </div>
      </div>
    </div>
  </div>
  <footer>
    <div
      className="container"
    >
      <a
        className="logo-font"
        href="/"
      >
        conduit
      </a>
      <span
        className="attribution"
      >
        An interactive learning project from 
        <a
          href="https://thinkster.io"
        >
          Thinkster
        </a>
        . Code & design licensed under MIT.
      </span>
    </div>
  </footer>
</div>
`;
